// Jest Snapshot v1, https://goo.gl/fbAQLP

exports[`TITLE CONTAINER should match the snapshot 1`] = `
<div
  className="title-container pad"
>
  <div
    className="container-name"
  >
    0
  </div>
  <div
    className="card-container"
  >
    <Connect(TitleCard)
      key="cefd81a9-9626-4b84-9136-037c8181db1c"
      title="Venom"
    />
  </div>
</div>
`;
