// Jest Snapshot v1, https://goo.gl/fbAQLP

exports[`TITLE CONTAINER should match the snapshot 1`] = `
<div
  className="title-container pad"
>
  <div
    className="container-name"
  >
    0
  </div>
  <div
    className="card-container"
  >
    <Connect(TitleCard)
      key="d6a632cd-6457-4d9e-ab84-b168a59c7e4b"
      title="Venom"
    />
  </div>
</div>
`;
