// Jest Snapshot v1, https://goo.gl/fbAQLP

exports[`TITLE CONTAINER should match the snapshot 1`] = `
<div
  className="pad"
>
  <div
    className="container-name"
  />
  <div
    className="card-container"
  >
    <Connect(TitleCard)
      key="cb3d0c78-80c8-4de7-b48b-aa35d750ba84"
      title="Venom"
    />
  </div>
</div>
`;
