// Jest Snapshot v1, https://goo.gl/fbAQLP

exports[`APP should match the snapshot 1`] = `
<div
  className="App"
>
  <div
    className="main-view "
  >
    <Connect(Header)
      activateLogin={[Function]}
      searchMovies={[Function]}
      user={Object {}}
    />
    <Route
      component={[Function]}
      exact={true}
      path="/"
    />
    <Route
      exact={true}
      path="/favorites"
      render={[Function]}
    />
    <Route
      exact={true}
      path="/"
      render={[Function]}
    />
    <Route
      exact={true}
      path="/:id"
      render={[Function]}
    />
  </div>
</div>
`;
