// Jest Snapshot v1, https://goo.gl/fbAQLP

exports[`LOGIN should match the snapshot 1`] = `
<div
  className="login-container"
>
  <main
    className="login"
  >
    <img
      alt="exit"
      className="exit"
      onClick={[Function]}
      src="close.svg"
    />
    <form
      className="login-form"
      onSubmit={[Function]}
    >
      <h1
        className="signin-header"
      >
        Sign In
      </h1>
      <input
        className="email-input"
        name="email"
        onChange={[Function]}
        placeholder="Email"
        type="email"
        value=""
      />
      <input
        className="password-input"
        name="password"
        onChange={[Function]}
        placeholder="Password"
        type="password"
        value=""
      />
      <button
        className="sign-in-btn"
      >
        Sign In
      </button>
    </form>
    <div>
      <h4
        className="error"
      />
      <p
        className="sign-up"
        onClick={[Function]}
      >
        <span
          className="new-to"
        >
          New To MovieTracker? 
        </span>
         Sign up now
      </p>
    </div>
  </main>
</div>
`;
